[backblue.gif]
[fade.gif]
[index.html]
[ajax.googleapis.com/ajax/libs/jquery/1.7.1/jquery.min.js]
[icbp.nci.nih.gov/includes/interactive_map.js]
[icbp.nci.nih.gov/favicon.ico]
[icbp.nci.nih.gov/touch_icon.png]
[icbp.nci.nih.gov/nci.jpg]
[icbp.nci.nih.gov/nih.jpg]
[icbp.nci.nih.gov/logo.png]
[icbp.nci.nih.gov/rotatingbanner/fade.js]
[icbp.nci.nih.gov/rotatingbanner/homebanner.js]
[icbp.nci.nih.gov/rotatingbanner/jquery.js]
[icbp.nci.nih.gov/rotatingbanner/home-banner-more.png]
[icbp.nci.nih.gov/columbia.jpg]
[icbp.nci.nih.gov/footer_hhs.gif]
[icbp.nci.nih.gov/footer_nih.gif]
[icbp.nci.nih.gov/footer_nci.gif]
[icbp.nci.nih.gov/footer_usagov.gif]
[icbp.nci.nih.gov/spinner.gif]
[icbp.nci.nih.gov/index.html]
[icbp.nci.nih.gov/images/icbp_map_base.jpg]
[icbp.nci.nih.gov/images/icbp_dots.png]
[icbp.nci.nih.gov/includes/interactive_map.css]
[icbp.nci.nih.gov/portal_css/ICBP Theme/arrowRight.png]
[icbp.nci.nih.gov/portal_css/ICBP Theme/arrowDown.png]
[icbp.nci.nih.gov/portal_css/ICBP Theme/link_icon.png]
[icbp.nci.nih.gov/portal_css/ICBP Theme/required.png]
[icbp.nci.nih.gov/portal_css/ICBP Theme/treeExpanded.png]
[icbp.nci.nih.gov/portal_css/ICBP Theme/treeCollapsed.png]
[icbp.nci.nih.gov/portal_css/ICBP Theme/polaroid-single.png]
[icbp.nci.nih.gov/portal_css/ICBP Theme/polaroid-multi.png]
[icbp.nci.nih.gov/portal_css/ICBP Theme/pb_close.png]
[icbp.nci.nih.gov/portal_css/ICBP Theme/contenttypes-sprite.png]
[icbp.nci.nih.gov/portal_css/ICBP Theme/input_background.png]
[icbp.nci.nih.gov/portal_css/ICBP Theme/base-cachekey5221.css]
[icbp.nci.nih.gov/portal_css/ICBP Theme/resourceplone.formwidget.autocompletejquery.autocomplete-cachekey0423.css]
[icbp.nci.nih.gov/portal_css/ICBP Theme/resourceplone.app.dexterity.overlays-cachekey7584.css]
[icbp.nci.nih.gov/portal_css/ICBP Theme/resourcetheme.icbp.stylesheetsmain-cachekey7250.css]
[icbp.nci.nih.gov/portal_css/ICBP Theme/page_bg.jpg]
[icbp.nci.nih.gov/portal_css/ICBP Theme/footerright.jpg]
[icbp.nci.nih.gov/portal_css/ICBP Theme/footerleft.jpg]
[icbp.nci.nih.gov/portal_css/ICBP Theme/tableft.png]
[icbp.nci.nih.gov/portal_css/ICBP Theme/tabright.png]
[icbp.nci.nih.gov/portal_css/ICBP Theme/newsfeed_bg.gif]
[icbp.nci.nih.gov/portal_css/ICBP Theme/newsfeed_bullet.gif]
[icbp.nci.nih.gov/portal_css/ICBP Theme/frontpage_contentbg.gif]
[icbp.nci.nih.gov/portal_css/ICBP Theme/announcements_bg.gif]
[icbp.nci.nih.gov/portal_css/ICBP Theme/rotatingbanner/home-banner-1.png]
[icbp.nci.nih.gov/portal_css/ICBP Theme/rotatingbanner/home-banner-3.png]
[icbp.nci.nih.gov/portal_css/ICBP Theme/rotatingbanner/home-banner-2.png]
[icbp.nci.nih.gov/portal_css/ICBP Theme/rotatingbanner/home-banner-4.png]
[icbp.nci.nih.gov/portal_css/ICBP Theme/rotatingbanner/home-banner-previous.png]
[icbp.nci.nih.gov/rotatingbanner/home-banner-next.png]
[icbp.nci.nih.gov/portal_css/ICBP Theme/rotatingbanner/home-banner-nav-left.jpg]
[icbp.nci.nih.gov/portal_css/ICBP Theme/rotatingbanner/home-banner-nav-right.png]
[icbp.nci.nih.gov/portal_css/ICBP Theme/rotatingbanner/home-banner-nav-bg.png]
[icbp.nci.nih.gov/portal_css/ICBP Theme/rotatingbanner/home-banner-nav-on.png]
[icbp.nci.nih.gov/portal_css/ICBP Theme/rotatingbanner/home-banner-nav-off.png]
[icbp.nci.nih.gov/portal_css/ICBP Theme/rotatingbanner/home-banner-nav-pause.png]
[icbp.nci.nih.gov/rotatingbanner/home-banner-previous.png]
[icbp.nci.nih.gov/portal_css/ICBP Theme/rotatingbanner/home-banner-next.png]
[icbp.nci.nih.gov/portal_css/ICBP Theme/rotatingbanner/home-banner-nav-play.png]
[icbp.nci.nih.gov/portal_css/ICBP Theme/icon-public-archive.png]
[icbp.nci.nih.gov/portal_css/ICBP Theme/ploneCustom-cachekey8312.css]
[icbp.nci.nih.gov/portal_kss/ICBP Theme/at-cachekey5785.css]
[icbp.nci.nih.gov/portal_javascripts/ICBP Theme/jquery-cachekey2624.js]
[icbp.nci.nih.gov/portal_javascripts/ICBP Theme/jquery-integration-cachekey3788.js]
[icbp.nci.nih.gov/portal_javascripts/ICBP Theme/resourceplone.formwidget.autocompletejquery.autocomplete.min-cachekey0100.js]
[icbp.nci.nih.gov/front-page/includes/interactive_map.js]
[icbp.nci.nih.gov/front-page/index.html]
[icbp.nci.nih.gov/image.png]
[icbp.nci.nih.gov/document_icon.png]
[icbp.nci.nih.gov/doc.png]
[icbp.nci.nih.gov/application.png]
[icbp.nci.nih.gov/sitemap.html]
[icbp.nci.nih.gov/search_form.html]
[icbp.nci.nih.gov/front-page/++resource++collective.portletpage.css]
[icbp.nci.nih.gov/about.html]
[icbp.nci.nih.gov/icbp-centers.html]
[icbp.nci.nih.gov/resources/resources.jpg]
[icbp.nci.nih.gov/resources.html]
[icbp.nci.nih.gov/icbp-news/rotatingbanner/fade.js]
[icbp.nci.nih.gov/icbp-news/rotatingbanner/homebanner.js]
[icbp.nci.nih.gov/icbp-news/rotatingbanner/jquery.js]
[icbp.nci.nih.gov/icbp-news/rotatingbanner/home-banner-more.png]
[icbp.nci.nih.gov/icbp-news/columbia.jpg]
[icbp.nci.nih.gov/icbp-news/newsitem_icon.png]
[icbp.nci.nih.gov/icbp-news.html]
[icbp.nci.nih.gov/education-and-outreach/education.jpg]
[icbp.nci.nih.gov/education-and-outreach.html]
[icbp.nci.nih.gov/icbp-centers/includes/interactive_map.js]
[icbp.nci.nih.gov/icbp-centers/vanderbilt-university.html]
[icbp.nci.nih.gov/icbp-centers/center_investigators/vanderbilt.jpg]
[icbp.nci.nih.gov/resources/includes/interactive_map.js]
[icbp.nci.nih.gov/resources/data-portal.html]
[icbp.nci.nih.gov/resources/data_portal.jpg]
[icbp.nci.nih.gov/icbp-news/includes/interactive_map.js]
[icbp.nci.nih.gov/icbp-news/columbia-university-creates-new-department-of-systems-biology-1.html]
[icbp.nci.nih.gov/icbp-centers/center_investigators/stanford.jpg]
[icbp.nci.nih.gov/icbp-centers/stanford-university.html]
[icbp.nci.nih.gov/icbp-centers/center_investigators/broad.jpg]
[icbp.nci.nih.gov/icbp-centers/broad-institute.html]
[icbp.nci.nih.gov/icbp-centers/center_investigators/mit.jpg]
[icbp.nci.nih.gov/icbp-centers/massachusetts-institute-of-technology.html]
[icbp.nci.nih.gov/icbp-centers/center_investigators/elizabeth.jpg]
[icbp.nci.nih.gov/icbp-centers/st.html]
[icbp.nci.nih.gov/icbp-centers/center_investigators/columbia.jpg]
[icbp.nci.nih.gov/icbp-centers/columbia-university.html]
[icbp.nci.nih.gov/icbp-centers/center_investigators/memorial.jpg]
[icbp.nci.nih.gov/icbp-centers/memorial-sloan-kettering-cancer-center.html]
[icbp.nci.nih.gov/icbp-centers/center_investigators/oregon.jpg]
[icbp.nci.nih.gov/icbp-centers/oregon-health-and-science-university.html]
[icbp.nci.nih.gov/icbp-centers/the-methodist-hospital-research-institute.html]
[icbp.nci.nih.gov/icbp-centers/center_investigators/methodist.jpg]
[icbp.nci.nih.gov/icbp-centers/center_investigators/texas.jpg]
[icbp.nci.nih.gov/icbp-centers/university-of-texas-health-science-center.html]
[icbp.nci.nih.gov/icbp-centers/center_investigators/sage.jpg]
[icbp.nci.nih.gov/icbp-centers/sage-bionetworks.html]
[icbp.nci.nih.gov/icbp-centers/center_investigators/georgetown.jpg]
[icbp.nci.nih.gov/icbp-centers/georgetown-university.html]
[icbp.nci.nih.gov/icbp-news/news-and-announcements/includes/interactive_map.js]
[icbp.nci.nih.gov/icbp-news/news-and-announcements/rotatingbanner/fade.js]
[icbp.nci.nih.gov/icbp-news/news-and-announcements/rotatingbanner/homebanner.js]
[icbp.nci.nih.gov/icbp-news/news-and-announcements/rotatingbanner/home-banner-more.png]
[icbp.nci.nih.gov/icbp-news/news-and-announcements/rotatingbanner/jquery.js]
[icbp.nci.nih.gov/icbp-news/news-and-announcements/columbia.jpg]
[icbp.nci.nih.gov/icbp-news/news-and-announcements/paper-highlight-addressing-genetic-tumor-heterogeneity-through-computationally-predictive-combination-therapy.html]
[icbp.nci.nih.gov/icbp-news/news-and-announcements/paper-highlight-2.html]
[icbp.nci.nih.gov/about/dg.jpg]
[icbp.nci.nih.gov/about/jc.jpg]
[icbp.nci.nih.gov/about/cs.jpg]
[icbp.nci.nih.gov/about/jl.jpg]
[icbp.nci.nih.gov/about/eb.jpg]
[icbp.nci.nih.gov/about/bt.jpg]
[icbp.nci.nih.gov/contact_us.html]
[icbp.nci.nih.gov/portal_css/ICBP Theme/indicator.html]
[icbp.nci.nih.gov/portal_css/ICBP Theme/rotatingbanner/home-banner-icon-podcast.html]
[icbp.nci.nih.gov/portal_css/ICBP Theme/rotatingbanner/home-banner-icon-text.html]
[icbp.nci.nih.gov/click.html]
[icbp.nci.nih.gov/front-page/includes/interactive_map.css]
[icbp.nci.nih.gov/about/cs.jpg/includes/interactive_map.js]
[icbp.nci.nih.gov/about/cs.jpg/image_preview.jpg]
[icbp.nci.nih.gov/search_icon.png]
[icbp.nci.nih.gov/about/cs.jpg/view.html]
[icbp.nci.nih.gov/about/cs.jpg/index.html]
[icbp.nci.nih.gov/about/dg.jpg/includes/interactive_map.js]
[icbp.nci.nih.gov/about/dg.jpg/image_preview.jpg]
[icbp.nci.nih.gov/about/dg.jpg/view.html]
[icbp.nci.nih.gov/about/dg.jpg/index.html]
[icbp.nci.nih.gov/about/eb.jpg/includes/interactive_map.js]
[icbp.nci.nih.gov/about/eb.jpg/image_preview.jpg]
[icbp.nci.nih.gov/about/eb.jpg/view.html]
[icbp.nci.nih.gov/about/eb.jpg/index.html]
[icbp.nci.nih.gov/about/jl.jpg/includes/interactive_map.js]
[icbp.nci.nih.gov/about/jl.jpg/image_preview.jpg]
[icbp.nci.nih.gov/about/jl.jpg/view.html]
[icbp.nci.nih.gov/about/jl.jpg/index.html]
[icbp.nci.nih.gov/about/ph.jpg/includes/interactive_map.js]
[icbp.nci.nih.gov/about/ph.jpg/image_preview.jpg]
[icbp.nci.nih.gov/about/ph.jpg/view.html]
[icbp.nci.nih.gov/about/ph.jpg/index.html]
[icbp.nci.nih.gov/about/jc.jpg/includes/interactive_map.js]
[icbp.nci.nih.gov/about/jc.jpg/index.html]
[icbp.nci.nih.gov/about/jc.jpg/view.html]
[icbp.nci.nih.gov/about/bt.jpg/includes/interactive_map.js]
[icbp.nci.nih.gov/about/bt.jpg/view.html]
[icbp.nci.nih.gov/icbp-centers/grants.html]
[icbp.nci.nih.gov/resources/list-of-datasets-and-databases.html]
[icbp.nci.nih.gov/about/bt.jpg/index.html]
[icbp.nci.nih.gov/resources/software.html]
[icbp.nci.nih.gov/resources/funding.html]
[icbp.nci.nih.gov/resources/pubs.html]
[icbp.nci.nih.gov/resources/biological_resources/bio1.jpg]
[icbp.nci.nih.gov/resources/biological_resources.html]
[icbp.nci.nih.gov/resources/biological_resources/includes/interactive_map.js]
[icbp.nci.nih.gov/resources/biological_resources/shrna.html]
[icbp.nci.nih.gov/resources/biological_resources/cancer-genes.html]
[icbp.nci.nih.gov/resources/biological_resources/pathways.html]
[icbp.nci.nih.gov/resources/biological_resources/databases.html]
[icbp.nci.nih.gov/resources/biological_resources/bio1.jpg/includes/interactive_map.js]
[icbp.nci.nih.gov/resources/biological_resources/bio1.jpg/view.html]
[icbp.nci.nih.gov/resources/biological_resources/bio1.jpg/image_preview.jpg]
[icbp.nci.nih.gov/resources/biological_resources/bio1.jpg/index.html]
[icbp.nci.nih.gov/resources/biological_resources/bio2.jpg/includes/interactive_map.js]
[icbp.nci.nih.gov/resources/biological_resources/bio2.jpg/view.html]
[icbp.nci.nih.gov/resources/biological_resources/bio2.jpg/image_preview.jpg]
[icbp.nci.nih.gov/resources/biological_resources/bio2.jpg/index.html]
[icbp.nci.nih.gov/resources/resources.jpg/includes/interactive_map.js]
[icbp.nci.nih.gov/resources/resources.jpg/view.html]
[icbp.nci.nih.gov/resources/resources.jpg/image_preview.jpg]
[icbp.nci.nih.gov/resources/resources.jpg/index.html]
[icbp.nci.nih.gov/resources/data_portal.jpg/includes/interactive_map.js]
[icbp.nci.nih.gov/resources/data_portal.jpg/index.html]
[icbp.nci.nih.gov/resources/data_portal.jpg/image_preview.jpg]
[icbp.nci.nih.gov/resources/data_portal.jpg/view.html]
[icbp.nci.nih.gov/resources/U01.html]
[icbp.nci.nih.gov/icbp-news/meetings-and-events/rotatingbanner/fade.js]
[icbp.nci.nih.gov/icbp-news/meetings-and-events/rotatingbanner/homebanner.js]
[icbp.nci.nih.gov/icbp-news/meetings-and-events/rotatingbanner/jquery.js]
[icbp.nci.nih.gov/icbp-news/meetings-and-events/rotatingbanner/home-banner-more.png]
[icbp.nci.nih.gov/icbp-news/meetings-and-events/columbia.jpg]
[icbp.nci.nih.gov/icbp-news/meetings-and-events.html]
[icbp.nci.nih.gov/icbp-news/meetings-and-events/includes/interactive_map.js]
[icbp.nci.nih.gov/icbp-news/meetings-and-events/symposium-cancer-systems-epigenomics.html]
[icbp.nci.nih.gov/icbp-news/meetings-and-events/icbp-training-in-systems-cancer-biology-workshop.html]
[icbp.nci.nih.gov/icbp-news/meetings-and-events/icbp-pi-annual-meeting.html]
[icbp.nci.nih.gov/icbp-news/news-and-announcements/newsitem_icon.png]
[icbp.nci.nih.gov/icbp-news/news-and-announcements.html]
[icbp.nci.nih.gov/icbp-news/news-and-announcements/paper-highlight-1.html]
[icbp.nci.nih.gov/icbp-news/news-and-announcements/nci-partners-with-the-dream-project.html]
[icbp.nci.nih.gov/icbp-news/news-and-announcements/robert-clarke-named-as-the-national-cancer-institute-sigma-xi-distinguished-lecturer-for-2012-2013.html]
[icbp.nci.nih.gov/icbp-news/img/Clarke.jpg]
[icbp.nci.nih.gov/icbp-news/news-and-announcements/BiomarkerIdentified.jpg/includes/interactive_map.js]
[icbp.nci.nih.gov/icbp-news/news-and-announcements/BiomarkerIdentified.jpg/view.html]
[icbp.nci.nih.gov/icbp-news/ncis-icbp-junior-investigators-meeting.html]
[icbp.nci.nih.gov/icbp-news/news-and-announcements/BiomarkerIdentified.jpg/index.html]
[icbp.nci.nih.gov/icbp-news/sage-bionetworks-4th-commons-congress.html]
[icbp.nci.nih.gov/icbp-news/stanfords-ccsbs-3rd-annual-symposium.html]
[icbp.nci.nih.gov/icbp-news/steward-tufts-universitys-3rd-annual-workshop-on-cancer-systems-biology-cancer-host-interactions.html]
[icbp.nci.nih.gov/icbp-news/cancer-without-disease-keeping-microscopic-tumors-dormant.html]
[icbp.nci.nih.gov/icbp-news/multiscale-cancer-systems-biology-symposium-1.html]
[icbp.nci.nih.gov/education-and-outreach/includes/interactive_map.js]
[icbp.nci.nih.gov/education-and-outreach/scr.jpg]
[icbp.nci.nih.gov/education-and-outreach/jr.jpg]
[icbp.nci.nih.gov/education-and-outreach/2014_ICBP_Centers_brochure_12.12_2.docx]
[icbp.nci.nih.gov/education-and-outreach/2014_ICBP_Summer_Project_Descriptions.docx]
[icbp.nci.nih.gov/education-and-outreach/summer.html]
[icbp.nci.nih.gov/education-and-outreach/online_material.jpg]
[icbp.nci.nih.gov/education-and-outreach/online.html]
[icbp.nci.nih.gov/img/clarke.jpg]
[icbp.nci.nih.gov/img/weaver.jpg]
[icbp.nci.nih.gov/img/quaranta.jpg]
[icbp.nci.nih.gov/education-and-outreach/lecturer.html]
[icbp.nci.nih.gov/education-and-outreach/group.jpg]
[icbp.nci.nih.gov/education-and-outreach/icbp_contact.html]
[icbp.nci.nih.gov/education-and-outreach/jr_investigators/jr.jpg]
[icbp.nci.nih.gov/education-and-outreach/jr_investigators.html]
[icbp.nci.nih.gov/education-and-outreach/jr_investigators/includes/interactive_map.js]
[icbp.nci.nih.gov/education-and-outreach/jr_investigators/junior-investigators-meetings.html]
[icbp.nci.nih.gov/education-and-outreach/jr_investigators/agenda_08_29_12.doc/includes/interactive_map.js]
[icbp.nci.nih.gov/education-and-outreach/jr_investigators/rotatingbanner/fade.js]
[icbp.nci.nih.gov/education-and-outreach/jr_investigators/rotatingbanner/homebanner.js]
[icbp.nci.nih.gov/education-and-outreach/jr_investigators/rotatingbanner/jquery.js]
[icbp.nci.nih.gov/education-and-outreach/jr_investigators/agenda_08_29_12.doc/index.html]
[icbp.nci.nih.gov/education-and-outreach/jr_investigators/rotatingbanner/home-banner-more.png]
[icbp.nci.nih.gov/education-and-outreach/jr_investigators/columbia.jpg]
[icbp.nci.nih.gov/education-and-outreach/jr_investigators/agenda_08_29_12.doc/at_download/agenda_08_29_12.doc]
[icbp.nci.nih.gov/education-and-outreach/jr_investigators/agenda_08_29_12.doc/view.html]
[icbp.nci.nih.gov/education-and-outreach/jr_investigators/jr.jpg/includes/interactive_map.js]
[icbp.nci.nih.gov/education-and-outreach/jr_investigators/jr.jpg/view.html]
[icbp.nci.nih.gov/education-and-outreach/jr_investigators/jr.jpg/image_preview.jpg]
[icbp.nci.nih.gov/education-and-outreach/jr_investigators/jr.jpg/index.html]
[icbp.nci.nih.gov/education-and-outreach/graduate.jpg]
[icbp.nci.nih.gov/education-and-outreach/graduate-education.html]
[icbp.nci.nih.gov/education-and-outreach/postdoctoral_training.jpg]
[icbp.nci.nih.gov/education-and-outreach/postdoctoral-training.html]
[icbp.nci.nih.gov/education-and-outreach/postdoctoral_training.jpg/includes/interactive_map.js]
[icbp.nci.nih.gov/education-and-outreach/rotatingbanner/fade.js]
[icbp.nci.nih.gov/education-and-outreach/rotatingbanner/homebanner.js]
[icbp.nci.nih.gov/education-and-outreach/rotatingbanner/jquery.js]
[icbp.nci.nih.gov/education-and-outreach/postdoctoral_training.jpg/index.html]
[icbp.nci.nih.gov/education-and-outreach/rotatingbanner/home-banner-more.png]
[icbp.nci.nih.gov/education-and-outreach/columbia.jpg]
[icbp.nci.nih.gov/education-and-outreach/postdoctoral_training.jpg/image_preview.jpg]
[icbp.nci.nih.gov/education-and-outreach/postdoctoral_training.jpg/view.html]
[icbp.nci.nih.gov/education-and-outreach/workshops.jpg]
[icbp.nci.nih.gov/education-and-outreach/workshops.html]
[icbp.nci.nih.gov/education-and-outreach/public-education.jpg]
[icbp.nci.nih.gov/education-and-outreach/public-education.html]
[icbp.nci.nih.gov/education-and-outreach/public-education.jpg/includes/interactive_map.js]
[icbp.nci.nih.gov/education-and-outreach/public-education.jpg/index.html]
[icbp.nci.nih.gov/education-and-outreach/public-education.jpg/view.html]
[icbp.nci.nih.gov/education-and-outreach/public-education.jpg/image_preview.jpg]
[icbp.nci.nih.gov/education-and-outreach/workshops.jpg/includes/interactive_map.js]
[icbp.nci.nih.gov/education-and-outreach/workshops.jpg/view.html]
[icbp.nci.nih.gov/education-and-outreach/workshops.jpg/image_preview.jpg]
[icbp.nci.nih.gov/education-and-outreach/workshops.jpg/index.html]
[icbp.nci.nih.gov/education-and-outreach/graduate.jpg/includes/interactive_map.js]
[icbp.nci.nih.gov/education-and-outreach/graduate.jpg/image_preview.jpg]
[icbp.nci.nih.gov/education-and-outreach/graduate.jpg/view.html]
[icbp.nci.nih.gov/education-and-outreach/graduate.jpg/index.html]
[icbp.nci.nih.gov/education-and-outreach/group.jpg/includes/interactive_map.js]
[icbp.nci.nih.gov/education-and-outreach/group.jpg/index.html]
[icbp.nci.nih.gov/education-and-outreach/group.jpg/view.html]
[icbp.nci.nih.gov/education-and-outreach/online_material.jpg/includes/interactive_map.js]
[icbp.nci.nih.gov/education-and-outreach/online_material.jpg/image_preview.jpg]
[icbp.nci.nih.gov/education-and-outreach/online_material.jpg/view.html]
[icbp.nci.nih.gov/education-and-outreach/online_material.jpg/index.html]
[icbp.nci.nih.gov/education-and-outreach/education.jpg/includes/interactive_map.js]
[icbp.nci.nih.gov/education-and-outreach/education.jpg/image_preview.jpg]
[icbp.nci.nih.gov/education-and-outreach/education.jpg/view.html]
[icbp.nci.nih.gov/education-and-outreach/professional-societies.html]
[icbp.nci.nih.gov/education-and-outreach/education.jpg/index.html]
[icbp.nci.nih.gov/education-and-outreach/journals-and-books.html]
[icbp.nci.nih.gov/education-and-outreach/cellmig.gif]
[icbp.nci.nih.gov/education-and-outreach/fertig.jpg]
[icbp.nci.nih.gov/education-and-outreach/tumour_breast_ani.gif]
[icbp.nci.nih.gov/education-and-outreach/AcinusStain.gif]
[icbp.nci.nih.gov/education-and-outreach/computational_models.html]
[icbp.nci.nih.gov/education-and-outreach/AcinusStain.gif/includes/interactive_map.js]
[icbp.nci.nih.gov/education-and-outreach/AcinusStain.gif/index.html]
[icbp.nci.nih.gov/education-and-outreach/AcinusStain.gif/image_preview.png]
[icbp.nci.nih.gov/education-and-outreach/AcinusStain.gif/view.html]
[icbp.nci.nih.gov/education-and-outreach/cellmig.gif/includes/interactive_map.js]
[icbp.nci.nih.gov/education-and-outreach/cellmig.gif/view.html]
[icbp.nci.nih.gov/education-and-outreach/cellmig.gif/image_preview.png]
[icbp.nci.nih.gov/education-and-outreach/cellmig.gif/index.html]
[icbp.nci.nih.gov/education-and-outreach/fertig.jpg/includes/interactive_map.js]
[icbp.nci.nih.gov/education-and-outreach/fertig.jpg/image_preview.jpg]
[icbp.nci.nih.gov/education-and-outreach/fertig.jpg/view.html]
[icbp.nci.nih.gov/education-and-outreach/fertig.jpg/index.html]
[icbp.nci.nih.gov/education-and-outreach/tumour_breast_ani.gif/includes/interactive_map.js]
[icbp.nci.nih.gov/education-and-outreach/tumour_breast_ani.gif/image_preview.png]
[icbp.nci.nih.gov/education-and-outreach/tumour_breast_ani.gif/view.html]
[icbp.nci.nih.gov/education-and-outreach/tumour_breast_ani.gif/index.html]
[icbp.nci.nih.gov/education-and-outreach/jr.jpg/includes/interactive_map.js]
[icbp.nci.nih.gov/education-and-outreach/jr.jpg/view.html]
[icbp.nci.nih.gov/education-and-outreach/jr.jpg/index.html]
[icbp.nci.nih.gov/education-and-outreach/2013_Summer_Project_Descriptions.docx/includes/interactive_map.js]
[icbp.nci.nih.gov/education-and-outreach/2013_Summer_Project_Descriptions.docx/at_download/2013_Summer_Project_Descriptions.docx]
[icbp.nci.nih.gov/education-and-outreach/2013_Summer_Project_Descriptions.docx/view.html]
[icbp.nci.nih.gov/education-and-outreach/2013_Summer_Project_Descriptions.docx/index.html]
[icbp.nci.nih.gov/education-and-outreach/scr.jpg/includes/interactive_map.js]
[icbp.nci.nih.gov/education-and-outreach/scr.jpg/view.html]
[icbp.nci.nih.gov/education-and-outreach/scr.jpg/index.html]
[icbp.nci.nih.gov/education-and-outreach/2014-summer-research-projects/includes/interactive_map.js]
[icbp.nci.nih.gov/education-and-outreach/2014-summer-research-projects/view.html]
[icbp.nci.nih.gov/education-and-outreach/2014-summer-research-projects/at_download/2014_ICBP_Summer_Project_Descriptions.docx]
[icbp.nci.nih.gov/education-and-outreach/2014-summer-research-projects/index.html]
[icbp.nci.nih.gov/education-and-outreach/2014_ICBP_Summer_Project_Descriptions.docx/includes/interactive_map.js]
[icbp.nci.nih.gov/education-and-outreach/2014_ICBP_Summer_Project_Descriptions.docx/view.html]
[icbp.nci.nih.gov/education-and-outreach/2014_ICBP_Summer_Project_Descriptions.docx/at_download/2014_ICBP_Summer_Project_Descriptions.docx]
[icbp.nci.nih.gov/education-and-outreach/2014_ICBP_Summer_Project_Descriptions.docx/index.html]
[icbp.nci.nih.gov/education-and-outreach/2014_ICBP_Centers_brochure.docx/includes/interactive_map.js]
[icbp.nci.nih.gov/education-and-outreach/2014_ICBP_Centers_brochure.docx/at_download/2014_ICBP_Centers_brochure.docx]
[icbp.nci.nih.gov/education-and-outreach/2014_ICBP_Centers_brochure.docx/view.html]
[icbp.nci.nih.gov/education-and-outreach/2014_ICBP_Centers_brochure.docx/index.html]
[icbp.nci.nih.gov/education-and-outreach/copy_of_2014_ICBP_Summer_Project_Descriptions.docx/includes/interactive_map.js]
[icbp.nci.nih.gov/education-and-outreach/copy_of_2014_ICBP_Summer_Project_Descriptions.docx/at_download/2014_ICBP_Summer_Project_Descriptions.docx]
[icbp.nci.nih.gov/education-and-outreach/copy_of_2014_ICBP_Summer_Project_Descriptions.docx/view.html]
[icbp.nci.nih.gov/education-and-outreach/copy_of_2014_ICBP_Summer_Project_Descriptions.docx/index.html]
[icbp.nci.nih.gov/education-and-outreach/2014_ICBP_Centers_brochure_12.12.docx/includes/interactive_map.js]
[icbp.nci.nih.gov/education-and-outreach/2014_ICBP_Centers_brochure_12.12.docx/at_download/2014_ICBP_Centers_brochure_12.12.docx]
[icbp.nci.nih.gov/education-and-outreach/2014_ICBP_Centers_brochure_12.12.docx/view.html]
[icbp.nci.nih.gov/education-and-outreach/2014_ICBP_Centers_brochure_12.12.docx/index.html]
[icbp.nci.nih.gov/education-and-outreach/2014_ICBP_Centers_brochure_12.12_2.docx/includes/interactive_map.js]
[icbp.nci.nih.gov/education-and-outreach/2014_ICBP_Centers_brochure_12.12_2.docx/at_download/2014_ICBP_Centers_brochure_12.12_2.docx]
[icbp.nci.nih.gov/education-and-outreach/2014_ICBP_Centers_brochure_12.12_2.docx/view.html]
[icbp.nci.nih.gov/education-and-outreach/2014_ICBP_Centers_brochure_12.12_2.docx/index.html]
[icbp.nci.nih.gov/about/about_abc/includes/interactive_map.js]
[icbp.nci.nih.gov/about/about_abc/index.html]
[icbp.nci.nih.gov/about/includes/interactive_map.js]
[icbp.nci.nih.gov/about/contact_us.html]
[icbp.nci.nih.gov/icbp-centers/index_html/includes/interactive_map.js]
[icbp.nci.nih.gov/icbp-centers/index_html/index.html]
[icbp.nci.nih.gov/icbp-centers/index_html/++resource++collective.portletpage.css]
[icbp.nci.nih.gov/resources/resources/includes/interactive_map.js]
[icbp.nci.nih.gov/resources/resources/index.html]
[icbp.nci.nih.gov/resources/resources.jpg]
[icbp.nci.nih.gov/resources/education-and-outreach.html]
[icbp.nci.nih.gov/icbp-news/index.html]
[icbp.nci.nih.gov/icbp-news/icbp-centers.html]
[icbp.nci.nih.gov/icbp-news/resources/includes/interactive_map.js]
[icbp.nci.nih.gov/icbp-news/resources/data-portal.html]
[icbp.nci.nih.gov/education-and-outreach/education_outreach/includes/interactive_map.js]
[icbp.nci.nih.gov/education-and-outreach/education_outreach/index.html]
[icbp.nci.nih.gov/education-and-outreach/icbp-centers.html]
[icbp.nci.nih.gov/icbp-centers/includes/interactive_map.css]
[icbp.nci.nih.gov/education-and-outreach/education.jpg]
[icbp.nci.nih.gov/icbp-centers/vanderbilt-university/index.html]
[icbp.nci.nih.gov/icbp-centers/vanderbilt-university/includes/interactive_map.js]
[icbp.nci.nih.gov/resources/includes/interactive_map.css]
[icbp.nci.nih.gov/resources/data-portal/includes/interactive_map.js]
[icbp.nci.nih.gov/resources/data-portal/index.html]
[icbp.nci.nih.gov/icbp-news/includes/interactive_map.css]
[icbp.nci.nih.gov/resources/data_portal.jpg]
[icbp.nci.nih.gov/icbp-news/columbia-university-creates-new-department-of-systems-biology-1/includes/interactive_map.js]
[icbp.nci.nih.gov/icbp-news/columbia-university-creates-new-department-of-systems-biology-1/index.html]
[icbp.nci.nih.gov/icbp-centers/stanford-university/includes/interactive_map.js]
[icbp.nci.nih.gov/icbp-centers/stanford-university/index.html]
[icbp.nci.nih.gov/icbp-centers/broad-institute/includes/interactive_map.js]
[icbp.nci.nih.gov/icbp-centers/broad-institute/index.html]
[icbp.nci.nih.gov/icbp-centers/massachusetts-institute-of-technology/includes/interactive_map.js]
[icbp.nci.nih.gov/icbp-centers/massachusetts-institute-of-technology/index.html]
[icbp.nci.nih.gov/icbp-centers/st.-elizabeth2019s-medical-center-tufts-university-school-of-medicine/includes/interactive_map.js]
[icbp.nci.nih.gov/icbp-centers/st.-elizabeth2019s-medical-center-tufts-university-school-of-medicine/index.html]
[icbp.nci.nih.gov/icbp-centers/columbia-university/includes/interactive_map.js]
[icbp.nci.nih.gov/icbp-centers/columbia-university/index.html]
[icbp.nci.nih.gov/icbp-centers/memorial-sloan-kettering-cancer-center/includes/interactive_map.js]
[icbp.nci.nih.gov/icbp-centers/memorial-sloan-kettering-cancer-center/index.html]
[icbp.nci.nih.gov/icbp-centers/oregon-health-and-science-university/includes/interactive_map.js]
[icbp.nci.nih.gov/icbp-centers/oregon-health-and-science-university/index.html]
[icbp.nci.nih.gov/icbp-centers/the-methodist-hospital-research-institute/includes/interactive_map.js]
[icbp.nci.nih.gov/icbp-centers/the-methodist-hospital-research-institute/index.html]
[icbp.nci.nih.gov/icbp-centers/university-of-texas-health-science-center/includes/interactive_map.js]
[icbp.nci.nih.gov/icbp-centers/university-of-texas-health-science-center/index.html]
[icbp.nci.nih.gov/icbp-centers/sage-bionetworks/includes/interactive_map.js]
[icbp.nci.nih.gov/icbp-centers/sage-bionetworks/index.html]
[icbp.nci.nih.gov/icbp-centers/georgetown-university/includes/interactive_map.js]
[icbp.nci.nih.gov/icbp-centers/georgetown-university/index.html]
[icbp.nci.nih.gov/icbp-news/news-and-announcements/includes/interactive_map.css]
[icbp.nci.nih.gov/icbp-news/news-and-announcements/paper-highlight-addressing-genetic-tumor-heterogeneity-through-computationally-predictive-combination-therapy/includes/interactive_map.js]
[icbp.nci.nih.gov/icbp-news/news-and-announcements/paper-highlight-addressing-genetic-tumor-heterogeneity-through-computationally-predictive-combination-therapy/index.html]
[icbp.nci.nih.gov/icbp-news/news-and-announcements/icbp-centers.html]
[icbp.nci.nih.gov/icbp-news/news-and-announcements/resources/includes/interactive_map.js]
[icbp.nci.nih.gov/icbp-news/news-and-announcements/resources/data-portal.html]
[icbp.nci.nih.gov/icbp-news/news-and-announcements/paper-highlight-2/includes/interactive_map.js]
[icbp.nci.nih.gov/icbp-news/news-and-announcements/paper-highlight-2/index.html]
[icbp.nci.nih.gov/contact_us/includes/interactive_map.js]
[icbp.nci.nih.gov/contact_us/index.html]
[icbp.nci.nih.gov/about/jc.jpg]
[icbp.nci.nih.gov/about/dg.jpg]
[icbp.nci.nih.gov/about/cs.jpg]
[icbp.nci.nih.gov/about/jl.jpg]
[icbp.nci.nih.gov/about/eb.jpg]
[icbp.nci.nih.gov/about/bt.jpg]
[icbp.nci.nih.gov/about/cs.jpg/includes/interactive_map.css]
[icbp.nci.nih.gov/about/cs.jpg/image.jpg]
[icbp.nci.nih.gov/about/cs.jpg/image_view_fullscreen.html]
[icbp.nci.nih.gov/about/dg.jpg/includes/interactive_map.css]
[icbp.nci.nih.gov/about/dg.jpg/image.jpg]
[icbp.nci.nih.gov/about/dg.jpg/image_view_fullscreen.html]
[icbp.nci.nih.gov/about/eb.jpg/includes/interactive_map.css]
[icbp.nci.nih.gov/about/eb.jpg/image.jpg]
[icbp.nci.nih.gov/about/eb.jpg/image_view_fullscreen.html]
[icbp.nci.nih.gov/about/jl.jpg/includes/interactive_map.css]
[icbp.nci.nih.gov/about/jl.jpg/image.jpg]
[icbp.nci.nih.gov/about/jl.jpg/image_view_fullscreen.html]
[icbp.nci.nih.gov/about/ph.jpg/includes/interactive_map.css]
[icbp.nci.nih.gov/about/ph.jpg/image.jpg]
[icbp.nci.nih.gov/about/ph.jpg/image_view_fullscreen.html]
[icbp.nci.nih.gov/about/jc.jpg/includes/interactive_map.css]
[icbp.nci.nih.gov/about/jc.jpg/image.jpg]
[icbp.nci.nih.gov/about/jc.jpg/image_view_fullscreen.html]
[icbp.nci.nih.gov/about/jc.jpg/image_preview.html]
[icbp.nci.nih.gov/about/bt.jpg/includes/interactive_map.css]
[icbp.nci.nih.gov/about/bt.jpg/image.jpg]
[icbp.nci.nih.gov/about/bt.jpg/image_view_fullscreen.html]
[icbp.nci.nih.gov/about/bt.jpg/image_preview.html]
[icbp.nci.nih.gov/icbp-centers/grants/includes/interactive_map.js]
[icbp.nci.nih.gov/icbp-centers/grants/index.html]
[icbp.nci.nih.gov/resources/list-of-datasets-and-databases/includes/interactive_map.js]
[icbp.nci.nih.gov/resources/list-of-datasets-and-databases/index.html]
[icbp.nci.nih.gov/resources/software/includes/interactive_map.js]
[icbp.nci.nih.gov/resources/software/index.html]
[icbp.nci.nih.gov/resources/michaelr@broadinstitute.html]
[icbp.nci.nih.gov/resources/honig_software@c2b2.columbia.html]
[icbp.nci.nih.gov/resources/altanbog@mskcc.html]
[icbp.nci.nih.gov/resources/funding/includes/interactive_map.js]
[icbp.nci.nih.gov/resources/funding/index.html]
[icbp.nci.nih.gov/resources/pubs/includes/interactive_map.js]
[icbp.nci.nih.gov/resources/pubs/index.html]
[icbp.nci.nih.gov/resources/biological_resources/biological-resources/includes/interactive_map.js]
[icbp.nci.nih.gov/resources/biological_resources/biological-resources/index.html]
[icbp.nci.nih.gov/resources/biological_resources/includes/interactive_map.css]
[icbp.nci.nih.gov/resources/biological_resources/bio1.jpg]
[icbp.nci.nih.gov/resources/biological_resources/shrna/includes/interactive_map.js]
[icbp.nci.nih.gov/resources/biological_resources/shrna/index.html]
[icbp.nci.nih.gov/resources/biological_resources/cancer-genes/includes/interactive_map.js]
[icbp.nci.nih.gov/resources/biological_resources/cancer-genes/index.html]
[icbp.nci.nih.gov/resources/biological_resources/pathways/includes/interactive_map.js]
[icbp.nci.nih.gov/resources/biological_resources/pathways/index.html]
[icbp.nci.nih.gov/resources/biological_resources/databases/includes/interactive_map.js]
[icbp.nci.nih.gov/resources/biological_resources/databases/index.html]
[icbp.nci.nih.gov/resources/biological_resources/bio1.jpg/includes/interactive_map.css]
[icbp.nci.nih.gov/resources/biological_resources/bio1.jpg/image.jpg]
[icbp.nci.nih.gov/resources/biological_resources/bio1.jpg/image_view_fullscreen.html]
[icbp.nci.nih.gov/resources/biological_resources/bio2.jpg/includes/interactive_map.css]
[icbp.nci.nih.gov/resources/biological_resources/bio2.jpg/image.jpg]
[icbp.nci.nih.gov/resources/biological_resources/bio2.jpg/image_view_fullscreen.html]
[icbp.nci.nih.gov/resources/resources.jpg/includes/interactive_map.css]
[icbp.nci.nih.gov/resources/resources.jpg/image.jpg]
[icbp.nci.nih.gov/resources/resources.jpg/image_view_fullscreen.html]
[icbp.nci.nih.gov/resources/data_portal.jpg/includes/interactive_map.css]
[icbp.nci.nih.gov/resources/data_portal.jpg/image.jpg]
[icbp.nci.nih.gov/resources/data_portal.jpg/image_view_fullscreen.html]
[icbp.nci.nih.gov/resources/U01/includes/interactive_map.js]
[icbp.nci.nih.gov/resources/U01/index.html]
[icbp.nci.nih.gov/resources/Pearlly.Yan@osumc.html]
[icbp.nci.nih.gov/icbp-news/meetings-and-events/index.html]
[icbp.nci.nih.gov/icbp-news/meetings-and-events/icbp-centers.html]
[icbp.nci.nih.gov/icbp-news/meetings-and-events/resources/includes/interactive_map.js]
[icbp.nci.nih.gov/icbp-news/meetings-and-events/resources/data-portal.html]
[icbp.nci.nih.gov/icbp-news/meetings-and-events/includes/interactive_map.css]
[icbp.nci.nih.gov/icbp-news/meetings-and-events/symposium-cancer-systems-epigenomics/includes/interactive_map.js]
[icbp.nci.nih.gov/icbp-news/meetings-and-events/symposium-cancer-systems-epigenomics/index.html]
[icbp.nci.nih.gov/icbp-news/meetings-and-events/icbp-training-in-systems-cancer-biology-workshop/includes/interactive_map.js]
[icbp.nci.nih.gov/icbp-news/meetings-and-events/icbp-training-in-systems-cancer-biology-workshop/index.html]
[icbp.nci.nih.gov/icbp-news/meetings-and-events/Meetings_2013 ICBP Training_Agenda_Apr 5 13 final rev1.html]
[icbp.nci.nih.gov/icbp-news/meetings-and-events/icbp-pi-annual-meeting/includes/interactive_map.js]
[icbp.nci.nih.gov/icbp-news/meetings-and-events/icbp-pi-annual-meeting/index.html]
[icbp.nci.nih.gov/icbp-news/news-and-announcements/index.html]
[icbp.nci.nih.gov/icbp-news/news-and-announcements/paper-highlight-1/includes/interactive_map.js]
[icbp.nci.nih.gov/icbp-news/news-and-announcements/paper-highlight-1/index.html]
[icbp.nci.nih.gov/icbp-news/news-and-announcements/nci-partners-with-the-dream-project/includes/interactive_map.js]
[icbp.nci.nih.gov/icbp-news/news-and-announcements/nci-partners-with-the-dream-project/index.html]
[icbp.nci.nih.gov/icbp-news/news-and-announcements/robert-clarke-named-as-the-national-cancer-institute-sigma-xi-distinguished-lecturer-for-2012-2013/includes/interactive_map.js]
[icbp.nci.nih.gov/icbp-news/news-and-announcements/robert-clarke-named-as-the-national-cancer-institute-sigma-xi-distinguished-lecturer-for-2012-2013/index.html]
[icbp.nci.nih.gov/icbp-news/news-and-announcements/BiomarkerIdentified.jpg/includes/interactive_map.css]
[icbp.nci.nih.gov/icbp-news/news-and-announcements/BiomarkerIdentified.jpg/image.jpg]
[icbp.nci.nih.gov/icbp-news/news-and-announcements/BiomarkerIdentified.jpg/image_view_fullscreen.html]
[icbp.nci.nih.gov/icbp-news/news-and-announcements/BiomarkerIdentified.jpg/image_preview.html]
[icbp.nci.nih.gov/icbp-news/ncis-icbp-junior-investigators-meeting/includes/interactive_map.js]
[icbp.nci.nih.gov/icbp-news/ncis-icbp-junior-investigators-meeting/index.html]
[icbp.nci.nih.gov/icbp-news/sage-bionetworks-4th-commons-congress/includes/interactive_map.js]
[icbp.nci.nih.gov/icbp-news/sage-bionetworks-4th-commons-congress/index.html]
[icbp.nci.nih.gov/icbp-news/stanfords-ccsbs-3rd-annual-symposium/includes/interactive_map.js]
[icbp.nci.nih.gov/icbp-news/stanfords-ccsbs-3rd-annual-symposium/index.html]
[icbp.nci.nih.gov/icbp-news/steward-tufts-universitys-3rd-annual-workshop-on-cancer-systems-biology-cancer-host-interactions/includes/interactive_map.js]
[icbp.nci.nih.gov/icbp-news/steward-tufts-universitys-3rd-annual-workshop-on-cancer-systems-biology-cancer-host-interactions/index.html]
[icbp.nci.nih.gov/icbp-news/cancer-without-disease-keeping-microscopic-tumors-dormant/includes/interactive_map.js]
[icbp.nci.nih.gov/icbp-news/cancer-without-disease-keeping-microscopic-tumors-dormant/index.html]
[icbp.nci.nih.gov/icbp-news/multiscale-cancer-systems-biology-symposium-1/includes/interactive_map.js]
[icbp.nci.nih.gov/icbp-news/multiscale-cancer-systems-biology-symposium-1/index.html]
[icbp.nci.nih.gov/education-and-outreach/includes/interactive_map.css]
[icbp.nci.nih.gov/education-and-outreach/summer/includes/interactive_map.js]
[icbp.nci.nih.gov/education-and-outreach/summer/index.html]
[icbp.nci.nih.gov/education-and-outreach/scr.jpg]
[icbp.nci.nih.gov/education-and-outreach/jr.jpg]
[icbp.nci.nih.gov/education-and-outreach/2014_ICBP_Centers_brochure_12.12_2.docx]
[icbp.nci.nih.gov/education-and-outreach/2014_ICBP_Summer_Project_Descriptions.docx]
[icbp.nci.nih.gov/education-and-outreach/online/includes/interactive_map.js]
[icbp.nci.nih.gov/education-and-outreach/online/index.html]
[icbp.nci.nih.gov/education-and-outreach/online_material.jpg]
[icbp.nci.nih.gov/education-and-outreach/lecturer/includes/interactive_map.js]
[icbp.nci.nih.gov/education-and-outreach/lecturer/index.html]
[icbp.nci.nih.gov/education-and-outreach/icbp_contact/includes/interactive_map.js]
[icbp.nci.nih.gov/education-and-outreach/icbp_contact/index.html]
[icbp.nci.nih.gov/education-and-outreach/group.jpg]
[icbp.nci.nih.gov/education-and-outreach/axelrod@biology.rutgers.html]
[icbp.nci.nih.gov/education-and-outreach/jr_investigators/investigators/index.html]
[icbp.nci.nih.gov/education-and-outreach/jr_investigators/investigators/includes/interactive_map.js]
[icbp.nci.nih.gov/education-and-outreach/jr_investigators/jr.jpg]
[icbp.nci.nih.gov/education-and-outreach/jr_investigators/includes/interactive_map.css]
[icbp.nci.nih.gov/education-and-outreach/jr_investigators/junior-investigators-meetings/includes/interactive_map.js]
[icbp.nci.nih.gov/education-and-outreach/jr_investigators/junior-investigators-meetings/index.html]
[icbp.nci.nih.gov/education-and-outreach/jr_investigators/agenda_08_29_12.doc/includes/interactive_map.css]
[icbp.nci.nih.gov/education-and-outreach/jr_investigators/icbp-centers.html]
[icbp.nci.nih.gov/education-and-outreach/jr_investigators/resources/includes/interactive_map.js]
[icbp.nci.nih.gov/education-and-outreach/jr_investigators/resources/data-portal.html]
[icbp.nci.nih.gov/education-and-outreach/jr_investigators/jr.jpg/includes/interactive_map.css]
[icbp.nci.nih.gov/education-and-outreach/jr_investigators/jr.jpg/image.jpg]
[icbp.nci.nih.gov/education-and-outreach/jr_investigators/jr.jpg/image_view_fullscreen.html]
[icbp.nci.nih.gov/education-and-outreach/graduate-education/includes/interactive_map.js]
[icbp.nci.nih.gov/education-and-outreach/graduate-education/index.html]
[icbp.nci.nih.gov/education-and-outreach/graduate.jpg]
[icbp.nci.nih.gov/education-and-outreach/postdoctoral-training/includes/interactive_map.js]
[icbp.nci.nih.gov/education-and-outreach/postdoctoral-training/index.html]
[icbp.nci.nih.gov/education-and-outreach/postdoctoral_training.jpg]
[icbp.nci.nih.gov/education-and-outreach/postdoctoral_training.jpg/includes/interactive_map.css]
[icbp.nci.nih.gov/education-and-outreach/resources/includes/interactive_map.js]
[icbp.nci.nih.gov/education-and-outreach/resources/data-portal.html]
[icbp.nci.nih.gov/education-and-outreach/postdoctoral_training.jpg/image.jpg]
[icbp.nci.nih.gov/education-and-outreach/postdoctoral_training.jpg/image_view_fullscreen.html]
[icbp.nci.nih.gov/education-and-outreach/workshops/includes/interactive_map.js]
[icbp.nci.nih.gov/education-and-outreach/workshops/index.html]
[icbp.nci.nih.gov/education-and-outreach/workshops.jpg]
[icbp.nci.nih.gov/education-and-outreach/public-education/includes/interactive_map.js]
[icbp.nci.nih.gov/education-and-outreach/public-education/index.html]
[icbp.nci.nih.gov/education-and-outreach/public-education.jpg/includes/interactive_map.css]
[icbp.nci.nih.gov/education-and-outreach/public-education.jpg]
[icbp.nci.nih.gov/education-and-outreach/public-education.jpg/image.jpg]
[icbp.nci.nih.gov/education-and-outreach/public-education.jpg/image_view_fullscreen.html]
[icbp.nci.nih.gov/education-and-outreach/workshops.jpg/includes/interactive_map.css]
[icbp.nci.nih.gov/education-and-outreach/workshops.jpg/image.jpg]
[icbp.nci.nih.gov/education-and-outreach/workshops.jpg/image_view_fullscreen.html]
[icbp.nci.nih.gov/education-and-outreach/graduate.jpg/includes/interactive_map.css]
[icbp.nci.nih.gov/education-and-outreach/graduate.jpg/image.jpg]
[icbp.nci.nih.gov/education-and-outreach/graduate.jpg/image_view_fullscreen.html]
[icbp.nci.nih.gov/education-and-outreach/group.jpg/includes/interactive_map.css]
[icbp.nci.nih.gov/education-and-outreach/group.jpg/image.jpg]
[icbp.nci.nih.gov/education-and-outreach/group.jpg/image_view_fullscreen.html]
[icbp.nci.nih.gov/education-and-outreach/group.jpg/image_preview.html]
[icbp.nci.nih.gov/education-and-outreach/online_material.jpg/includes/interactive_map.css]
[icbp.nci.nih.gov/education-and-outreach/online_material.jpg/image.jpg]
[icbp.nci.nih.gov/education-and-outreach/online_material.jpg/image_view_fullscreen.html]
[icbp.nci.nih.gov/education-and-outreach/education.jpg/includes/interactive_map.css]
[icbp.nci.nih.gov/education-and-outreach/education.jpg/image.jpg]
[icbp.nci.nih.gov/education-and-outreach/education.jpg/image_view_fullscreen.html]
[icbp.nci.nih.gov/education-and-outreach/professional-societies/includes/interactive_map.js]
[icbp.nci.nih.gov/education-and-outreach/professional-societies/index.html]
[icbp.nci.nih.gov/education-and-outreach/journals-and-books/includes/interactive_map.js]
[icbp.nci.nih.gov/education-and-outreach/journals-and-books/index.html]
[icbp.nci.nih.gov/education-and-outreach/computational_models/includes/interactive_map.js]
[icbp.nci.nih.gov/education-and-outreach/computational_models/index.html]
[icbp.nci.nih.gov/education-and-outreach/cellmig.gif]
[icbp.nci.nih.gov/education-and-outreach/fertig.jpg]
[icbp.nci.nih.gov/education-and-outreach/tumour_breast_ani.gif]
[icbp.nci.nih.gov/education-and-outreach/AcinusStain.gif/includes/interactive_map.css]
[icbp.nci.nih.gov/education-and-outreach/AcinusStain.gif]
[icbp.nci.nih.gov/education-and-outreach/AcinusStain.gif/image.gif]
[icbp.nci.nih.gov/education-and-outreach/AcinusStain.gif/image_view_fullscreen.html]
[icbp.nci.nih.gov/education-and-outreach/cellmig.gif/includes/interactive_map.css]
[icbp.nci.nih.gov/education-and-outreach/cellmig.gif/image.gif]
[icbp.nci.nih.gov/education-and-outreach/cellmig.gif/image_view_fullscreen.html]
[icbp.nci.nih.gov/education-and-outreach/fertig.jpg/includes/interactive_map.css]
[icbp.nci.nih.gov/education-and-outreach/fertig.jpg/image.jpg]
[icbp.nci.nih.gov/education-and-outreach/fertig.jpg/image_view_fullscreen.html]
[icbp.nci.nih.gov/education-and-outreach/tumour_breast_ani.gif/includes/interactive_map.css]
[icbp.nci.nih.gov/education-and-outreach/tumour_breast_ani.gif/image.gif]
[icbp.nci.nih.gov/education-and-outreach/tumour_breast_ani.gif/image_view_fullscreen.html]
[icbp.nci.nih.gov/education-and-outreach/jr.jpg/includes/interactive_map.css]
[icbp.nci.nih.gov/education-and-outreach/jr.jpg/image.jpg]
[icbp.nci.nih.gov/education-and-outreach/jr.jpg/image_view_fullscreen.html]
[icbp.nci.nih.gov/education-and-outreach/jr.jpg/image_preview.html]
[icbp.nci.nih.gov/education-and-outreach/2013_Summer_Project_Descriptions.docx/includes/interactive_map.css]
[icbp.nci.nih.gov/education-and-outreach/scr.jpg/includes/interactive_map.css]
[icbp.nci.nih.gov/education-and-outreach/scr.jpg/image.jpg]
[icbp.nci.nih.gov/education-and-outreach/scr.jpg/image_view_fullscreen.html]
[icbp.nci.nih.gov/education-and-outreach/scr.jpg/image_preview.html]
[icbp.nci.nih.gov/education-and-outreach/2014-summer-research-projects/includes/interactive_map.css]
[icbp.nci.nih.gov/education-and-outreach/2014_ICBP_Summer_Project_Descriptions.docx/includes/interactive_map.css]
[icbp.nci.nih.gov/education-and-outreach/2014_ICBP_Centers_brochure.docx/includes/interactive_map.css]
[icbp.nci.nih.gov/education-and-outreach/copy_of_2014_ICBP_Summer_Project_Descriptions.docx/includes/interactive_map.css]
[icbp.nci.nih.gov/education-and-outreach/2014_ICBP_Centers_brochure_12.12.docx/includes/interactive_map.css]
[icbp.nci.nih.gov/education-and-outreach/2014_ICBP_Centers_brochure_12.12_2.docx/includes/interactive_map.css]
[icbp.nci.nih.gov/about/about_abc/includes/interactive_map.css]
[icbp.nci.nih.gov/about/includes/interactive_map.css]
[icbp.nci.nih.gov/icbp-centers/index_html/includes/interactive_map.css]
[icbp.nci.nih.gov/resources/resources/includes/interactive_map.css]
[icbp.nci.nih.gov/icbp-news/resources/includes/interactive_map.css]
[icbp.nci.nih.gov/education-and-outreach/education_outreach/includes/interactive_map.css]
[icbp.nci.nih.gov/icbp-centers/vanderbilt-university/includes/interactive_map.css]
[icbp.nci.nih.gov/resources/data-portal/includes/interactive_map.css]
[icbp.nci.nih.gov/icbp-news/columbia-university-creates-new-department-of-systems-biology-1/includes/interactive_map.css]
[icbp.nci.nih.gov/icbp-centers/stanford-university/includes/interactive_map.css]
[icbp.nci.nih.gov/icbp-centers/broad-institute/includes/interactive_map.css]
[icbp.nci.nih.gov/icbp-centers/massachusetts-institute-of-technology/includes/interactive_map.css]
[icbp.nci.nih.gov/icbp-centers/st.-elizabeth2019s-medical-center-tufts-university-school-of-medicine/includes/interactive_map.css]
[icbp.nci.nih.gov/icbp-centers/columbia-university/includes/interactive_map.css]
[icbp.nci.nih.gov/icbp-centers/memorial-sloan-kettering-cancer-center/includes/interactive_map.css]
[icbp.nci.nih.gov/icbp-centers/oregon-health-and-science-university/includes/interactive_map.css]
[icbp.nci.nih.gov/icbp-centers/the-methodist-hospital-research-institute/includes/interactive_map.css]
[icbp.nci.nih.gov/icbp-centers/university-of-texas-health-science-center/includes/interactive_map.css]
[icbp.nci.nih.gov/icbp-centers/sage-bionetworks/includes/interactive_map.css]
[icbp.nci.nih.gov/icbp-centers/georgetown-university/includes/interactive_map.css]
[icbp.nci.nih.gov/icbp-news/news-and-announcements/paper-highlight-addressing-genetic-tumor-heterogeneity-through-computationally-predictive-combination-therapy/includes/interactive_map.css]
[icbp.nci.nih.gov/icbp-news/news-and-announcements/resources/includes/interactive_map.css]
[icbp.nci.nih.gov/icbp-news/news-and-announcements/paper-highlight-2/includes/interactive_map.css]
[icbp.nci.nih.gov/contact_us/includes/interactive_map.css]
[icbp.nci.nih.gov/resources/resources.jpg]
[icbp.nci.nih.gov/education-and-outreach/education.jpg]
[icbp.nci.nih.gov/resources/data_portal.jpg]
[icbp.nci.nih.gov/about/dg.jpg]
[icbp.nci.nih.gov/about/jc.jpg]
[icbp.nci.nih.gov/about/cs.jpg]
[icbp.nci.nih.gov/about/jl.jpg]
[icbp.nci.nih.gov/icbp-centers/grants/includes/interactive_map.css]
[icbp.nci.nih.gov/resources/list-of-datasets-and-databases/includes/interactive_map.css]
[icbp.nci.nih.gov/resources/software/includes/interactive_map.css]
[icbp.nci.nih.gov/resources/funding/includes/interactive_map.css]
[icbp.nci.nih.gov/resources/pubs/includes/interactive_map.css]
[icbp.nci.nih.gov/resources/biological_resources/biological-resources/includes/interactive_map.css]
[icbp.nci.nih.gov/resources/biological_resources/shrna/includes/interactive_map.css]
[icbp.nci.nih.gov/resources/biological_resources/cancer-genes/includes/interactive_map.css]
[icbp.nci.nih.gov/resources/biological_resources/pathways/includes/interactive_map.css]
[icbp.nci.nih.gov/resources/biological_resources/databases/includes/interactive_map.css]
[icbp.nci.nih.gov/about/eb.jpg]
[icbp.nci.nih.gov/resources/U01/includes/interactive_map.css]
[icbp.nci.nih.gov/about/bt.jpg]
[icbp.nci.nih.gov/icbp-news/meetings-and-events/resources/includes/interactive_map.css]
[icbp.nci.nih.gov/icbp-news/meetings-and-events/symposium-cancer-systems-epigenomics/includes/interactive_map.css]
[icbp.nci.nih.gov/icbp-news/meetings-and-events/icbp-training-in-systems-cancer-biology-workshop/includes/interactive_map.css]
[icbp.nci.nih.gov/icbp-news/meetings-and-events/icbp-pi-annual-meeting/includes/interactive_map.css]
[icbp.nci.nih.gov/icbp-news/news-and-announcements/paper-highlight-1/includes/interactive_map.css]
[icbp.nci.nih.gov/icbp-news/news-and-announcements/nci-partners-with-the-dream-project/includes/interactive_map.css]
[icbp.nci.nih.gov/icbp-news/news-and-announcements/robert-clarke-named-as-the-national-cancer-institute-sigma-xi-distinguished-lecturer-for-2012-2013/includes/interactive_map.css]
[icbp.nci.nih.gov/icbp-news/ncis-icbp-junior-investigators-meeting/includes/interactive_map.css]
[icbp.nci.nih.gov/icbp-news/sage-bionetworks-4th-commons-congress/includes/interactive_map.css]
[icbp.nci.nih.gov/resources/biological_resources/bio1.jpg]
[icbp.nci.nih.gov/icbp-news/stanfords-ccsbs-3rd-annual-symposium/includes/interactive_map.css]
[icbp.nci.nih.gov/icbp-news/steward-tufts-universitys-3rd-annual-workshop-on-cancer-systems-biology-cancer-host-interactions/includes/interactive_map.css]
[icbp.nci.nih.gov/icbp-news/cancer-without-disease-keeping-microscopic-tumors-dormant/includes/interactive_map.css]
[icbp.nci.nih.gov/icbp-news/multiscale-cancer-systems-biology-symposium.html]
[icbp.nci.nih.gov/icbp-news/multiscale-cancer-systems-biology-symposium-1/includes/interactive_map.css]
[icbp.nci.nih.gov/education-and-outreach/summer/includes/interactive_map.css]
[icbp.nci.nih.gov/education-and-outreach/scr.jpg]
[icbp.nci.nih.gov/education-and-outreach/online/includes/interactive_map.css]
[icbp.nci.nih.gov/education-and-outreach/jr.jpg]
[icbp.nci.nih.gov/education-and-outreach/2014_ICBP_Centers_brochure_12.12_2.docx]
[icbp.nci.nih.gov/education-and-outreach/2014_ICBP_Summer_Project_Descriptions.docx]
[icbp.nci.nih.gov/education-and-outreach/lecturer/includes/interactive_map.css]
[icbp.nci.nih.gov/education-and-outreach/icbp_contact/includes/interactive_map.css]
[icbp.nci.nih.gov/education-and-outreach/jr_investigators/investigators/includes/interactive_map.css]
[icbp.nci.nih.gov/education-and-outreach/jr_investigators/junior-investigators-meetings/includes/interactive_map.css]
[icbp.nci.nih.gov/education-and-outreach/jr_investigators/resources/includes/interactive_map.css]
[icbp.nci.nih.gov/education-and-outreach/graduate-education/includes/interactive_map.css]
[icbp.nci.nih.gov/education-and-outreach/online_material.jpg]
[icbp.nci.nih.gov/education-and-outreach/postdoctoral-training/includes/interactive_map.css]
[icbp.nci.nih.gov/education-and-outreach/jr_investigators/jr.jpg]
[icbp.nci.nih.gov/education-and-outreach/graduate.jpg]
[icbp.nci.nih.gov/education-and-outreach/group.jpg]
[icbp.nci.nih.gov/education-and-outreach/resources/includes/interactive_map.css]
[icbp.nci.nih.gov/education-and-outreach/workshops/includes/interactive_map.css]
[icbp.nci.nih.gov/education-and-outreach/public-education/includes/interactive_map.css]
[icbp.nci.nih.gov/education-and-outreach/professional-societies/includes/interactive_map.css]
[icbp.nci.nih.gov/education-and-outreach/journals-and-books/includes/interactive_map.css]
[icbp.nci.nih.gov/education-and-outreach/computational_models/includes/interactive_map.css]
[icbp.nci.nih.gov/education-and-outreach/postdoctoral_training.jpg]
[icbp.nci.nih.gov/education-and-outreach/workshops.jpg]
[icbp.nci.nih.gov/education-and-outreach/public-education.jpg]
[icbp.nci.nih.gov/education-and-outreach/cellmig.gif]
[icbp.nci.nih.gov/resources/resources.jpg]
[icbp.nci.nih.gov/education-and-outreach/education.jpg]
[icbp.nci.nih.gov/resources/data_portal.jpg]
[icbp.nci.nih.gov/about/dg.jpg]
[icbp.nci.nih.gov/about/jc.jpg]
[icbp.nci.nih.gov/about/cs.jpg]
[icbp.nci.nih.gov/about/jl.jpg]
[icbp.nci.nih.gov/about/eb.jpg]
[icbp.nci.nih.gov/about/bt.jpg]
[icbp.nci.nih.gov/resources/biological_resources/bio1.jpg]
[icbp.nci.nih.gov/education-and-outreach/scr.jpg]
[icbp.nci.nih.gov/education-and-outreach/jr.jpg]
[icbp.nci.nih.gov/education-and-outreach/2014_ICBP_Centers_brochure_12.12_2.docx]
[icbp.nci.nih.gov/education-and-outreach/2014_ICBP_Summer_Project_Descriptions.docx]
[icbp.nci.nih.gov/education-and-outreach/online_material.jpg]
[icbp.nci.nih.gov/education-and-outreach/group.jpg]
[icbp.nci.nih.gov/education-and-outreach/jr_investigators/jr.jpg]
[icbp.nci.nih.gov/education-and-outreach/graduate.jpg]
[icbp.nci.nih.gov/education-and-outreach/postdoctoral_training.jpg]
[icbp.nci.nih.gov/education-and-outreach/workshops.jpg]
[icbp.nci.nih.gov/education-and-outreach/public-education.jpg]
[icbp.nci.nih.gov/education-and-outreach/cellmig.gif]
[icbp.nci.nih.gov/education-and-outreach/fertig.jpg]
[icbp.nci.nih.gov/education-and-outreach/fertig.jpg]
[icbp.nci.nih.gov/education-and-outreach/tumour_breast_ani.gif]
[icbp.nci.nih.gov/education-and-outreach/AcinusStain.gif]
[icbp.nci.nih.gov/education-and-outreach/tumour_breast_ani.gif]
[icbp.nci.nih.gov/education-and-outreach/AcinusStain.gif]
